s78 t0-3  (h=human a=assistant hs=steering sum=summary)
t0 2026-07-19 00:47:30 hs: claude/pr-conflict-skill-structure-kzwpca keep working previous session died
t1 …00:47:36 a: I'll check the current state to understand where the previous session left off.
t2 …00:47:52 hs: Rekal too build that first
t3 …00:48:02 a: My branch is currently identical to `origin/main` (both at `ed9dfb1`), working tree clean. Let me find what the previous session was actually working on — checking PRs for both branch names.
tools:
  Bash
  Bash
  Bash
  ToolSearch
  mcp__github__list_pull_requests
  mcp__github__search_pull_requests
  Bash
  Bash
  Bash
  Bash
  Bash
  Bash
  Bash
  Bash
  Bash
  Bash
  Bash
  Bash
  Bash
  Bash
  Bash
  Bash
  Bash
  Bash
  Bash
  Bash
  Edit /home/user/rekal-cli/.gitignore
  Bash
  Read /home/user/rekal-cli/docs/cloud-agent-setup.md
  Bash
  Bash
  Bash
  Bash
  Bash
  Bash
  Bash
  ToolSearch
  Read /tmp/claude-0/-home-user-rekal-cli/96427934-f13a-5714-9a20-48d1e87eba32/tasks/bhi8l4baq.output
  Bash
  Bash
  (+184 more tools)
files: .gitignore CLAUDE.md SOUL.md cmd/rekal/cli/checkpoint.go cmd/rekal/cli/db/db.go cmd/rekal/cli/embed_cmd.go cmd/rekal/cli/index_cmd.go cmd/rekal/cli/knowledge_index.go cmd/rekal/cli/skill/skill_test.go cmd/rekal/cli/skill/skills/rekal/SKILL.md cmd/rekal/cli/skill/skills/rekal/references/ledger.md cmd/rekal/cli/skill/skills/rekal/references/reference.md cmd/rekal/cli/skill/skills/rekal/scripts/route.py docs/design/skill-router.md
(has_more — raise --limit / --offset)
