INJECT top=0.83 gap=0.00 20 seeds
  s77 conf=0.83 t67 "Recall works end-to-end — knowledge layer nailed `merged-only-sharing.md`. Semantic layer is substantially on (knowledge 540/540,…"
  s78 conf=0.83 t67 "Recall works end-to-end — knowledge layer nailed `merged-only-sharing.md`. Semantic layer is substantially on (knowledge 540/540,…"
  s15 conf=0.59 t2 "Let me read the design doc in chunks and launch the exploration agents in parallel."
  s31 conf=0.59 t2 "Let me read the design doc in chunks and launch the exploration agents in parallel."
  s50 conf=0.53 t15 "The plan adds `--offset`, `--limit`, and `--role` flags to `rekal query --session`. Same filtering pattern…"
  s37 conf=0.52 t164 "...noise is gone, but the Metal shader compilation logs still leak through. These come from…"
  s39 conf=0.52 t164 "...noise is gone, but the Metal shader compilation logs still leak through. These come from…"
  s38 conf=0.52 t164 "...noise is gone, but the Metal shader compilation logs still leak through. These come from…"
  s40 conf=0.52 t164 "...noise is gone, but the Metal shader compilation logs still leak through. These come from…"
  s71 conf=0.48 t12 "Got it — a transparent background daemon that holds the nomic model in memory and…"
  s76 conf=0.49 t31 "...Building `llama` + `ggml` + `common` static libs I'll continue automatically when the build finishes…"
  s32 conf=0.51 t4 "...story played out across those sessions: **The decision: fully local, no remote dependencies.** You started…"
  s17 conf=0.47 t17 "The go-duckdb `database/sql` driver doesn't handle `[]float64` for `FLOAT[]` columns. The fix is to serialize…"
  s19 conf=0.52 t144 ".now go and implement it. and focus on a transpration layer end to end test."
  s4 conf=0.52 t144 ".now go and implement it. and focus on a transpration layer end to end test."
  s62 conf=0.48 t81 "...`Git-native intent ledger — your agent never starts from zero again` If the two problems…"
  s75 conf=0.49 t31 "...Building `llama` + `ggml` + `common` static libs I'll continue automatically when the build finishes…"
  s36 conf=0.47 t17 "The go-duckdb `database/sql` driver doesn't handle `[]float64` for `FLOAT[]` columns. The fix is to serialize…"
  s3 conf=0.53 t25 "...the OpenClaw core idea and how it maps to rekal: **What the slides describe:** Anthropic's…"
  s18 conf=0.53 t25 "...the OpenClaw core idea and how it maps to rekal: **What the slides describe:** Anthropic's…"
KNOWLEDGE docs/design/knowledge-layer.md=0.93 docs/spec/command/recall.md=0.90 docs/db/README.md=0.86 docs/spec/command/embed.md=0.83 cmd/rekal/cli/skill/skills/rekal/references/reference.md=0.72
